bun test v1.3.14 (0d9b296a)

src/Core.TypeScript/formal-verification/nci-witness-capability.test.ts:
(pass) NCI emitter exercised dependency and capability boundary > renders the pinned bytes from the four subject files with an exact read trace [52.53ms]
(pass) NCI emitter exercised dependency and capability boundary > runs only the declared checker command and emits exact receipt bytes on its controlled success [14.83ms]
(pass) NCI emitter exercised dependency and capability boundary > a controlled checker failure refuses before receipt revalidation [13.23ms]
(pass) NCI emitter exercised dependency and capability boundary > a static checker import is refused by the actual module linker [7.32ms]
(pass) NCI emitter exercised dependency and capability boundary > a computed dynamic import is refused by syntax admission before VM execution [7.03ms]
(pass) NCI emitter exercised dependency and capability boundary > direct checker read is refused even with the unchanged static import roster [6.76ms]
(pass) NCI emitter exercised dependency and capability boundary > aliased checker read is refused even with the unchanged static import roster [5.85ms]
(pass) NCI emitter exercised dependency and capability boundary > computed Python subprocess is refused even with the unchanged static import roster [6.38ms]
(pass) NCI emitter exercised dependency and capability boundary > different runtime arguments is refused even with the unchanged static import roster [5.15ms]
(pass) NCI emitter exercised dependency and capability boundary > caught checker-read refusal is refused even with the unchanged static import roster [7.92ms]

src/Core.TypeScript/formal-verification/nci-witness-receipt.test.ts:
(pass) finite NciNonUrgency witness receipt > renders and accepts the one pinned bounded witness [14.60ms]
(pass) finite NciNonUrgency witness receipt > both committed cross-surface receipts reproduce the finite canonical witness [11.63ms]
(pass) finite NciNonUrgency witness receipt > the current registry refuses reuse of the historical receipt [8.64ms]
(pass) finite NciNonUrgency witness receipt > failed historical setup keeps the original refusal and removes its owned temporary files [7.55ms]
(pass) finite NciNonUrgency witness receipt > a one-byte model change refuses before a witness can be rendered [10.36ms]
(pass) finite NciNonUrgency witness receipt > a missing pinned input refuses from the same attempted read [9.64ms]
(pass) finite NciNonUrgency witness receipt > changed jar and registry inputs refuse rather than reusing the bounded witness [20.28ms]
(pass) finite NciNonUrgency witness receipt > a reordered or incomplete valid JSON receipt is refused [14.83ms]
(pass) finite NciNonUrgency witness receipt > an altered completed-model result cannot become an NCI witness [10.51ms]
(pass) finite NciNonUrgency witness receipt > the witness data cannot be a policy score or authority grant [9.73ms]

 20 pass
 0 fail
 40 expect() calls
Ran 20 tests across 2 files. [1010.00ms]
