src/Core/Graph.fs:122:graduation
src/Core/Graph.fs:13:Otto-123
src/Core/Graph.fs:19:Aaron
src/Core/Graph.fs:197:ferry
src/Core/Graph.fs:198:ferry
src/Core/Graph.fs:20:Amara
src/Core/Graph.fs:206:graduation
src/Core/Graph.fs:208:Provenance:
src/Core/Graph.fs:209:ferry
src/Core/Graph.fs:21:Otto-122
src/Core/Graph.fs:210:graduation
src/Core/Graph.fs:23:graduation
src/Core/Graph.fs:24:ferry
src/Core/Graph.fs:27:graduation
src/Core/Graph.fs:32:Otto-105
src/Core/Graph.fs:321:Provenance:
src/Core/Graph.fs:33:graduation
src/Core/Graph.fs:383:graduation
src/Core/Graph.fs:386:Provenance:
src/Core/Graph.fs:387:ferry
src/Core/Graph.fs:40:graduation
src/Core/Graph.fs:482:Amara
src/Core/Graph.fs:485:Amara
src/Core/Graph.fs:489:graduation
src/Core/Graph.fs:492:Amara
src/Core/Graph.fs:498:Provenance:
src/Core/Graph.fs:499:graduation
src/Core/Graph.fs:533:Amara
src/Core/Graph.fs:534:ferry
src/Core/Graph.fs:558:Amara
src/Core/Graph.fs:563:Provenance:
src/Core/Graph.fs:564:courier
src/Core/Graph.fs:566:graduation
src/Core/Graph.fs:567:Otto-105
src/Core/PhaseExtraction.fs:11:Amara
src/Core/PhaseExtraction.fs:32:Provenance:
src/Core/PhaseExtraction.fs:34:graduation
src/Core/RobustStats.fs:10:ferry
src/Core/RobustStats.fs:11:Otto-105
src/Core/RobustStats.fs:130:Provenance:
src/Core/RobustStats.fs:31:Amara
src/Core/RobustStats.fs:37:graduation
src/Core/RobustStats.fs:43:Amara
src/Core/RobustStats.fs:78:Amara
src/Core/RobustStats.fs:8:Amara
src/Core/RobustStats.fs:80:ferry
src/Core/RobustStats.fs:9:courier
src/Core/TemporalCoordinationDetection.fs:10:Amara
src/Core/TemporalCoordinationDetection.fs:11:ferry
src/Core/TemporalCoordinationDetection.fs:12:ferry
src/Core/TemporalCoordinationDetection.fs:130:Provenance:
src/Core/TemporalCoordinationDetection.fs:132:courier
src/Core/TemporalCoordinationDetection.fs:133:ferry
src/Core/TemporalCoordinationDetection.fs:134:Amara
src/Core/TemporalCoordinationDetection.fs:135:graduation
src/Core/TemporalCoordinationDetection.fs:15:Otto-105
src/Core/TemporalCoordinationDetection.fs:194:Amara
src/Core/TemporalCoordinationDetection.fs:20:Aaron
src/Core/TemporalCoordinationDetection.fs:209:Provenance:
src/Core/TemporalCoordinationDetection.fs:210:courier
src/Core/TemporalCoordinationDetection.fs:211:ferry
src/Core/TemporalCoordinationDetection.fs:214:ferry
src/Core/TemporalCoordinationDetection.fs:216:ferry
src/Core/TemporalCoordinationDetection.fs:218:ferry
src/Core/TemporalCoordinationDetection.fs:23:Amara
src/Core/TemporalCoordinationDetection.fs:24:Aaron
src/Core/TemporalCoordinationDetection.fs:26:graduation
src/Core/TemporalCoordinationDetection.fs:303:ferry
src/Core/TemporalCoordinationDetection.fs:31:graduation
src/Core/TemporalCoordinationDetection.fs:312:graduation
src/Core/TemporalCoordinationDetection.fs:9:Aaron
src/Core/TemporalCoordinationDetection.fs:91:ferry
src/Core/Veridicality.fs:118:Amara
src/Core/Veridicality.fs:17:graduation
src/Core/Veridicality.fs:21:Amara
src/Core/Veridicality.fs:22:ferry
src/Core/Veridicality.fs:27:Aaron
src/Core/Veridicality.fs:29:Amara
src/Core/Veridicality.fs:31:ferry
src/Core/Veridicality.fs:32:Amara
src/Core/Veridicality.fs:35:Otto-105
src/Core/Veridicality.fs:36:graduation
src/Core/Veridicality.fs:53:Amara
src/Core/Veridicality.fs:55:ferry
src/Core/Veridicality.fs:9:Amara
src/Core/Veridicality.fs:95:Amara
tests/Tests.FSharp/Algebra/TemporalCoordinationDetection.Tests.fs:209:ferry
tests/Tests.FSharp/Operators/RecursiveSemiNaive.Boundary.Tests.fs:22:Amara
tools/hygiene/audit-cross-platform-parity.sh:18:Aaron
tools/hygiene/audit-cross-platform-parity.sh:32:Aaron
tools/hygiene/audit-cross-platform-parity.sh:48:Aaron
tools/hygiene/audit-machine-specific-content.sh:12:Aaron
tools/hygiene/audit-memory-references.sh:19:Aaron
tools/hygiene/audit-memory-references.sh:6:Amara
tools/hygiene/audit-tick-history-bounded-growth.sh:14:Aaron
tools/hygiene/capture-tick-snapshot.sh:12:Amara
tools/hygiene/capture-tick-snapshot.sh:41:Amara
tools/lint/no-empty-dirs.sh:5:Aaron
tools/setup/common/profile-edit.sh:34:Aaron
tools/setup/common/sync-upstreams.sh:8:Aaron
tools/setup/common/verifiers.sh:38:Aaron
tools/setup/common/verifiers.sh:7:Aaron
tools/setup/doctor.sh:11:Aaron
tools/setup/doctor.sh:79:Aaron
tools/setup/macos.sh:30:Aaron
